
> quortol-frontend@1.0.0 build
> npm run seo:generate-sitemap && vite build


> quortol-frontend@1.0.0 seo:generate-sitemap
> node ./scripts/generate-sitemap.mjs

vite v4.5.14 building for production...
transforming...
✓ 389 modules transformed.
rendering chunks...
computing gzip size...
dist/index.html                                1.11 kB │ gzip:   0.46 kB
dist/assets/DataStorytelling-e530633b.css      0.49 kB │ gzip:   0.25 kB
dist/assets/index-898376f9.css               252.49 kB │ gzip:  35.67 kB
dist/assets/DataStorytelling-eecc38e8.js       0.58 kB │ gzip:   0.37 kB
dist/assets/index-c4beeb6d.js              1,301.30 kB │ gzip: 451.51 kB

(!) Some chunks are larger than 500 kBs after minification. Consider:
- Using dynamic import() to code-split the application
- Use build.rollupOptions.output.manualChunks to improve chunking: https://rollupjs.org/configuration-options/#output-manualchunks
- Adjust chunk size limit for this warning via build.chunkSizeWarningLimit.
✓ built in 5.56s

> quortol-frontend@1.0.0 build
> npm run seo:generate-sitemap && vite build


> quortol-frontend@1.0.0 seo:generate-sitemap
> node ./scripts/generate-sitemap.mjs

vite v4.5.14 building for production...
transforming...
✓ 389 modules transformed.
rendering chunks...
computing gzip size...
dist/index.html                                1.11 kB │ gzip:   0.46 kB
dist/assets/DataStorytelling-e530633b.css      0.49 kB │ gzip:   0.25 kB
dist/assets/index-898376f9.css               252.49 kB │ gzip:  35.67 kB
dist/assets/DataStorytelling-eecc38e8.js       0.58 kB │ gzip:   0.37 kB
dist/assets/index-c4beeb6d.js              1,301.30 kB │ gzip: 451.51 kB

(!) Some chunks are larger than 500 kBs after minification. Consider:
- Using dynamic import() to code-split the application
- Use build.rollupOptions.output.manualChunks to improve chunking: https://rollupjs.org/configuration-options/#output-manualchunks
- Adjust chunk size limit for this warning via build.chunkSizeWarningLimit.
✓ built in 5.26s
